env\Scripts\python.exe 
: Creating test 
database for alias 
'default' ('test_souten
ance_data_base')...
Au caractère Ligne:1 : 
1
+ 
env\Scripts\python.exe 
manage.py test 
hopitaux.tests -v2 
--no-input > ...
+ ~~~~~~~~~~~~~~~~~~~~~
~~~~~~~~~~~~~~~~~~~~~~~
~~~~~~~~~~~~~~~~~~~~~~~
~~
    + CategoryInfo     
         : NotSpecifi  
  ed: (Creating test   
  d..._data_base').    
..:String) [], Rem    
oteException
    + FullyQualifiedEr 
   rorId : NativeComm  
  andError
 

Found 16 test(s).
Operations to perform:
  Synchronize unmigrated apps: channels, corsheaders, daphne, django_filters, messages, rest_framework, rest_framework_simplejwt, staticfiles
  Apply all migrations: Chatbot, accounts, admin, auth, contenttypes, hopitaux, messagerie, notifications, rendezvous, resultats, sessions, token_blacklist
Synchronizing apps without migrations:
  Creating tables...
    Running deferred SQL...
Running migrations:
  Applying Chatbot.0001_initial... OK
  Applying hopitaux.0001_initial... OK
  Applying contenttypes.0001_initial... OK
  Applying contenttypes.0002_remove_content_type_name... OK
  Applying auth.0001_initial... OK
  Applying auth.0002_alter_permission_name_max_length... OK
  Applying auth.0003_alter_user_email_max_length... OK
  Applying auth.0004_alter_user_username_opts... OK
  Applying auth.0005_alter_user_last_login_null... OK
  Applying auth.0006_require_contenttypes_0002... OK
  Applying auth.0007_alter_validators_add_error_messages... OK
  Applying auth.0008_alter_user_username_max_length... OK
  Applying auth.0009_alter_user_last_name_max_length... OK
  Applying auth.0010_alter_group_name_max_length... OK
  Applying auth.0011_update_proxy_permissions... OK
  Applying auth.0012_alter_user_first_name_max_length... OK
  Applying accounts.0001_initial... OK
  Applying accounts.0002_medecin_duree_rdv_default... OK
  Applying admin.0001_initial... OK
  Applying admin.0002_logentry_remove_auto_add... OK
  Applying admin.0003_logentry_add_action_flag_choices... OK
  Applying hopitaux.0002_service_hopital_description_hopital_latitude_and_more... OK
  Applying hopitaux.0003_hopitalservice_description_locale... OK
  Applying hopitaux.0004_service_image... OK
  Applying hopitaux.0005_hopital_code_court... OK
  Applying hopitaux.0006_alter_hopital_code_court... OK
  Applying hopitaux.0007_alter_hopital_latitude_alter_hopital_longitude... OK
  Applying rendezvous.0001_initial... OK
  Applying messagerie.0001_initial... OK
  Applying notifications.0001_initial... OK
  Applying notifications.0002_alter_notification_type... OK
  Applying notifications.0003_alter_notification_type... OK
  Applying resultats.0001_initial... OK
  Applying resultats.0002_resultat_hopital_resultat_patient_email_externe_and_more... OK
  Applying sessions.0001_initial... OK
  Applying token_blacklist.0001_initial... OK
  Applying token_blacklist.0002_outstandingtoken_jti_hex... OK
  Applying token_blacklist.0003_auto_20171017_2007... OK
  Applying token_blacklist.0004_auto_20171017_2013... OK
  Applying token_blacklist.0005_remove_outstandingtoken_jti... OK
  Applying token_blacklist.0006_auto_20171017_2113... OK
  Applying token_blacklist.0007_auto_20171017_2214... OK
  Applying token_blacklist.0008_migrate_to_bigautofield... OK
  Applying token_blacklist.0010_fix_migrate_to_bigautofield... OK
  Applying token_blacklist.0011_linearizes_history... OK
  Applying token_blacklist.0012_alter_outstandingtoken_user... OK
System check identified no issues (0 silenced).
test_calculate_distance
_known_pair (hopitaux.t
ests.DistanceServiceTes
ts.test_calculate_dista
nce_known_pair)
VÚrifie la distance 
entre Cotonou et 
Porto-Novo (~32 km). 
... ok
test_calculate_distance
_rounding (hopitaux.tes
ts.DistanceServiceTests
.test_calculate_distanc
e_rounding)
VÚrifie que la 
distance est arrondie 
Ó 2 dÚcimales. ... ok
test_calculate_distance
_same_point (hopitaux.t
ests.DistanceServiceTes
ts.test_calculate_dista
nce_same_point)
Distance entre un 
point et lui-mÛme = 0. 
... ok
test_get_nearby_hospita
ls_excludes_inactive (h
opitaux.tests.DistanceS
erviceTests.test_get_ne
arby_hospitals_excludes
_inactive)
Les h¶pitaux inactifs 
ne doivent pas 
appara¯tre. ... ok
test_get_nearby_hospita
ls_excludes_no_coords (
hopitaux.tests.Distance
ServiceTests.test_get_n
earby_hospitals_exclude
s_no_coords)
Les h¶pitaux sans 
coordonnÚes ne doivent 
pas appara¯tre. ... ok
test_get_nearby_hospita
ls_limit (hopitaux.test
s.DistanceServiceTests.
test_get_nearby_hospita
ls_limit)
Le nombre de rÚsultats 
est limitÚ. ... ok
test_get_nearby_hospita
ls_sorted_by_distance (
hopitaux.tests.Distance
ServiceTests.test_get_n
earby_hospitals_sorted_
by_distance)
Les rÚsultats doivent 
Ûtre triÚs du plus 
proche au plus 
ÚloignÚ. ... ok
test_get_nearby_hospita
ls_within_radius (hopit
aux.tests.DistanceServi
ceTests.test_get_nearby
_hospitals_within_radiu
s)
Les h¶pitaux dans le 
rayon doivent Ûtre 
retournÚs. ... ok
test_invalid_coords_ret
urns_400 (hopitaux.test
s.NearbyHospitalViewTes
ts.test_invalid_coords_
returns_400)
Des coordonnÚes 
invalides retournent 
400. ... E:\Soutenance\
Dossiers\Local\Backend\
env\Lib\site-packages\j
wt\api_jwt.py:153: Inse
cureKeyLengthWarning: 
The HMAC key is 21 
bytes long, which is 
below the minimum 
recommended length of 
32 bytes for SHA256. 
See RFC 7518 Section 
3.2.
  return 
self._jws.encode(
E:\Soutenance\Dossiers\
Local\Backend\env\Lib\s
ite-packages\jwt\api_jw
t.py:371: InsecureKeyLe
ngthWarning: The HMAC 
key is 21 bytes long, 
which is below the 
minimum recommended 
length of 32 bytes for 
SHA256. See RFC 7518 
Section 3.2.
  decoded = 
self.decode_complete(
[2026-04-06 
13:07:26,413] WARNING 
django.request: Bad 
Request: 
/api/hopitaux/nearby/
ok
test_missing_params_ret
urns_400 (hopitaux.test
s.NearbyHospitalViewTes
ts.test_missing_params_
returns_400)
L'absence de lat/lng 
retourne 400. ... 
[2026-04-06 
13:07:28,704] WARNING 
django.request: Bad 
Request: 
/api/hopitaux/nearby/
ok
test_no_results_returns
_empty_list (hopitaux.t
ests.NearbyHospitalView
Tests.test_no_results_r
eturns_empty_list)
Aucun h¶pital dans le 
rayon \u2192 liste 
vide. ... ok
test_non_patient_return
s_403 (hopitaux.tests.N
earbyHospitalViewTests.
test_non_patient_return
s_403)
Un mÚdecin ne peut pas 
accÚder Ó l'endpoint. 
... [2026-04-06 
13:07:33,513] WARNING 
django.request: 
Forbidden: 
/api/hopitaux/nearby/
ok
test_radius_filtering (
hopitaux.tests.NearbyHo
spitalViewTests.test_ra
dius_filtering)
Seuls les h¶pitaux 
dans le rayon sont 
retournÚs. ... ok
test_response_format (h
opitaux.tests.NearbyHos
pitalViewTests.test_res
ponse_format)
VÚrifie le format JSON 
de la rÚponse. ... ok
test_unauthenticated_re
turns_401 (hopitaux.tes
ts.NearbyHospitalViewTe
sts.test_unauthenticate
d_returns_401)
Un utilisateur non 
authentifiÚ reþoit 
401. ... [2026-04-06 
13:07:39,738] WARNING 
django.request: 
Unauthorized: 
/api/hopitaux/nearby/
ok
test_valid_request_retu
rns_sorted_results (hop
itaux.tests.NearbyHospi
talViewTests.test_valid
_request_returns_sorted
_results)
Une requÛte valide 
retourne les rÚsultats 
triÚs par distance. 
... ok

-----------------------
-----------------------
-----------------------
-
Ran 16 tests in 18.890s

OK
Destroying test 
database for alias 
'default' ('test_souten
ance_data_base')...

